<?xml version="1.0" encoding="UTF-8"?>
<testsuites name="jest tests" tests="2" failures="0" errors="0" time="0.827">
  <testsuite name="undefined" errors="0" failures="0" skipped="0" timestamp="2026-07-08T11:28:13" time="0.785" tests="2">
    <testcase classname=" test uncovered if" name=" test uncovered if" time="0.001">
    </testcase>
    <testcase classname=" fully covered" name=" fully covered" time="0">
    </testcase>
  </testsuite>
</testsuites>